// Jest Snapshot v1, https://goo.gl/fbAQLP

exports[`Form should match snapshot 1`] = `
<form>
  <input
    name="title"
    onChange={[Function]}
    placeholder="title"
    type="text"
    value=""
  />
  <input
    name="description"
    onChange={[Function]}
    placeholder="description"
    type="text"
    value=""
  />
  <button
    onClick={[Function]}
  >
    Submit!
  </button>
</form>
`;
